<span data-meta="<--(miro-data-v1)tl2dqpytn4SfXXVdoKmeqp+kqaJdZ12fnK+cXXW2Xaigr5xddZaYZ12qnaWgnq+uXXWWtl2kn111a2ddpKmkr6Scp4SfXXVda11nXa+0q6BddWxvZ12ypJ+ioK9/nK+cXXW2Xa+0q6BddV2uo5yroF1nXaWuqqlddbZdrqS1oF11tl2ypJ+vo111bGtrZ12joKSio69ddWxra7hnXZqrqq6kr6SqqV11tl2qoaGuoK+Ls111tl2zXXVrZ120XXVruLhnXa6enKegXXW2Xa6enKegXXVsuGddraCnnK+ksaCOnpynoF11bGddraqvnK+kqqlddbZdraqvnK+kqqlddWu4Z12toKecr6SxoI2qr5yvpKqpXXVrZ12rqq6kr6SqqV11tl2zXXVrZ120XXVruGddmqucraCpr111qbCnp2ddr6Czr111XV1nXa6vtKegXXVdtpddrq+XXXVuZ5ddrq6XXXVtZ5ddrp6XXXVscmxrcWxzZ5ddnZ6XXXVscXJsbHFza2eXXZ2ql111bGeXXZ2tnpdddWxwbG5tbnRrZ5ddna2yl111bWeXXZ2tqpdddWxnl12dra6XXXVtZ5ddoaGpl111l12Kq6CpjpyprpddZ5ddr56XXXVscHNycnRtcWeXXa+unpdddWxnl12vnJdddZddnpddZ5ddr5yxl111l12ol11nl12hrpdddW1vZ5ddnZdddamwp6dnl12kl111qbCnp2eXXbCXXXWpsKenZ5ddrpdddamwp6dnl12drp6XXXVsZ5ddkYCNl111l11taWyXXWeXXaOnl111qbCnp7hdZ12uo5yroF11XW5duLi4mLhnXaOqrq9ddV2opK2qaZ6qqF1nXbGgra6kqqlddW1nXaSui62qr6Cer6CfXXWhnKeuoLg=(/miro-data-v1)-->"></span>